2026-07-28 00:22:11.242: [INFO] OnDoneLoading sync enabled: 0
2026-07-28 00:22:11.922: [INFO] OnDoneLoading sync enabled: 0
2026-07-28 00:22:36.419: [INFO] OnDoneLoading sync enabled: 0
2026-07-28 00:24:00.543: [INFO] OnDoneLoading sync enabled: 0
2026-07-28 00:24:37.074: [INFO] OnDoneLoading sync enabled: 0
2026-07-28 01:26:13.022: [INFO] OnDoneLoading sync enabled: 0
2026-07-28 01:26:27.463: [INFO] OnDoneLoading sync enabled: 0
2026-07-28 01:28:00.382: [INFO] OnDoneLoading sync enabled: 0
2026-07-28 01:37:36.461: [INFO] OnDoneLoading sync enabled: 0
2026-07-29 13:46:42.456: [INFO] OnDoneLoading sync enabled: 0
2026-07-31 14:44:51.614: [INFO] OnDoneLoading sync enabled: 0
2026-07-31 17:19:42.330: [INFO] OnDoneLoading sync enabled: 0
2026-07-31 17:22:21.459: [INFO] OnDoneLoading sync enabled: 0
2026-07-31 17:25:55.351: [INFO] OnDoneLoading sync enabled: 0
2026-08-08 00:05:39.145: [INFO] CurrentProfilePath: E:\Desenvolvimento_Sistemas\Projetos_Java\Projeto Java_Angular\OS\.metadata\.plugins\org.eclipse.swt\EBWebView\Default
2026-08-08 00:05:39.145: [INFO] Profiles total count: 1
2026-08-08 00:05:39.145: [INFO] Profile: name=Perfil 1 path=E:\Desenvolvimento_Sistemas\Projetos_Java\Projeto Java_Angular\OS\.metadata\.plugins\org.eclipse.swt\EBWebView\Default lastActive=null
2026-08-08 00:05:39.145: [INFO] LastUsedProfileDir: E:\Desenvolvimento_Sistemas\Projetos_Java\Projeto Java_Angular\OS\.metadata\.plugins\org.eclipse.swt\EBWebView\Default
2026-08-08 00:05:39.145: [INFO] OnDoneLoading sync enabled: 0
2026-08-08 00:05:39.145: [INFO] BookmarkModelLoaded, ids_reassigned: 0
2026-08-08 00:05:39.145: [INFO] BookmarksLoadDropped droppedNodes=0
2026-08-08 00:05:39.145: [INFO] BookmarksSnapshot Startup total=0 bar=0 other=0 mobile=0 showBar=0 showBarNTP=1
2026-08-08 00:05:42.244: [INFO] BookmarksSnapshot Shutdown total=0 bar=0 other=0 mobile=0 showBar=0 showBarNTP=1
2026-08-08 00:08:01.684: [INFO] CurrentProfilePath: E:\Desenvolvimento_Sistemas\Projetos_Java\Projeto Java_Angular\OS\.metadata\.plugins\org.eclipse.swt\EBWebView\Default
2026-08-08 00:08:01.684: [INFO] Profiles total count: 1
2026-08-08 00:08:01.684: [INFO] Profile: name=Perfil 1 path=E:\Desenvolvimento_Sistemas\Projetos_Java\Projeto Java_Angular\OS\.metadata\.plugins\org.eclipse.swt\EBWebView\Default lastActive=null
2026-08-08 00:08:01.684: [INFO] LastUsedProfileDir: E:\Desenvolvimento_Sistemas\Projetos_Java\Projeto Java_Angular\OS\.metadata\.plugins\org.eclipse.swt\EBWebView\Default
2026-08-08 00:08:01.684: [INFO] OnDoneLoading sync enabled: 0
2026-08-08 00:08:01.684: [INFO] BookmarkModelLoaded, ids_reassigned: 0
2026-08-08 00:08:01.684: [INFO] BookmarksLoadDropped droppedNodes=0
2026-08-08 00:08:01.684: [INFO] BookmarksSnapshot Startup total=0 bar=0 other=0 mobile=0 showBar=0 showBarNTP=1
2026-08-08 00:08:06.108: [INFO] BookmarksSnapshot Shutdown total=0 bar=0 other=0 mobile=0 showBar=0 showBarNTP=1
2026-08-08 00:16:04.970: [INFO] CurrentProfilePath: E:\Desenvolvimento_Sistemas\Projetos_Java\Projeto Java_Angular\OS\.metadata\.plugins\org.eclipse.swt\EBWebView\Default
2026-08-08 00:16:04.970: [INFO] Profiles total count: 1
2026-08-08 00:16:04.970: [INFO] Profile: name=Perfil 1 path=E:\Desenvolvimento_Sistemas\Projetos_Java\Projeto Java_Angular\OS\.metadata\.plugins\org.eclipse.swt\EBWebView\Default lastActive=null
2026-08-08 00:16:04.970: [INFO] LastUsedProfileDir: E:\Desenvolvimento_Sistemas\Projetos_Java\Projeto Java_Angular\OS\.metadata\.plugins\org.eclipse.swt\EBWebView\Default
2026-08-08 00:16:04.970: [INFO] OnDoneLoading sync enabled: 0
2026-08-08 00:16:04.970: [INFO] BookmarkModelLoaded, ids_reassigned: 0
2026-08-08 00:16:04.970: [INFO] BookmarksLoadDropped droppedNodes=0
2026-08-08 00:16:04.970: [INFO] BookmarksSnapshot Startup total=0 bar=0 other=0 mobile=0 showBar=0 showBarNTP=1
2026-08-08 02:14:37.736: [INFO] BookmarksSnapshot Shutdown total=0 bar=0 other=0 mobile=0 showBar=0 showBarNTP=1
2026-08-17 18:14:27.769: [INFO] CurrentProfilePath: E:\Desenvolvimento_Sistemas\Projetos_Java\Projeto Java_Angular\OS\.metadata\.plugins\org.eclipse.swt\EBWebView\Default
2026-08-17 18:14:27.769: [INFO] Profiles total count: 1
2026-08-17 18:14:27.769: [INFO] Profile: name=Perfil 1 path=E:\Desenvolvimento_Sistemas\Projetos_Java\Projeto Java_Angular\OS\.metadata\.plugins\org.eclipse.swt\EBWebView\Default lastActive=null
2026-08-17 18:14:27.769: [INFO] LastUsedProfileDir: E:\Desenvolvimento_Sistemas\Projetos_Java\Projeto Java_Angular\OS\.metadata\.plugins\org.eclipse.swt\EBWebView\Default
2026-08-17 18:14:27.769: [INFO] OnDoneLoading sync enabled: 0
2026-08-17 18:14:27.769: [INFO] BookmarkModelLoaded, ids_reassigned: 0
2026-08-17 18:14:27.769: [INFO] BookmarksLoadDropped droppedNodes=0
2026-08-17 18:14:27.769: [INFO] BookmarksSnapshot Startup total=0 bar=0 other=0 mobile=0 showBar=0 showBarNTP=1
2026-08-18 01:17:59.418: [INFO] BookmarksSnapshot Shutdown total=0 bar=0 other=0 mobile=0 showBar=0 showBarNTP=1
2026-09-05 12:06:37.896: [INFO] CurrentProfilePath: E:\Desenvolvimento_Sistemas\Projetos_Java\Projeto Java_Angular\OS\.metadata\.plugins\org.eclipse.swt\EBWebView\Default
2026-09-05 12:06:37.896: [INFO] Profiles total count: 1
2026-09-05 12:06:37.896: [INFO] Profile: name=Perfil 1 path=E:\Desenvolvimento_Sistemas\Projetos_Java\Projeto Java_Angular\OS\.metadata\.plugins\org.eclipse.swt\EBWebView\Default lastActive=null
2026-09-05 12:06:37.896: [INFO] LastUsedProfileDir: E:\Desenvolvimento_Sistemas\Projetos_Java\Projeto Java_Angular\OS\.metadata\.plugins\org.eclipse.swt\EBWebView\Default
2026-09-05 12:06:37.896: [INFO] OnDoneLoading sync enabled: 0
2026-09-05 12:06:37.896: [INFO] BookmarkModelLoaded, ids_reassigned: 0
2026-09-05 12:06:37.896: [INFO] BookmarksLoadDropped droppedNodes=0
2026-09-05 12:06:37.896: [INFO] BookmarksSnapshot Startup total=0 bar=0 other=0 mobile=0 showBar=0 showBarNTP=1
2026-09-05 12:09:03.485: [INFO] BookmarksSnapshot Shutdown total=0 bar=0 other=0 mobile=0 showBar=0 showBarNTP=1
2026-09-06 00:05:58.567: [INFO] CurrentProfilePath: E:\Desenvolvimento_Sistemas\Projetos_Java\Projeto Java_Angular\OS\.metadata\.plugins\org.eclipse.swt\EBWebView\Default
2026-09-06 00:05:58.567: [INFO] Profiles total count: 1
2026-09-06 00:05:58.567: [INFO] Profile: name=Perfil 1 path=E:\Desenvolvimento_Sistemas\Projetos_Java\Projeto Java_Angular\OS\.metadata\.plugins\org.eclipse.swt\EBWebView\Default lastActive=null
2026-09-06 00:05:58.567: [INFO] LastUsedProfileDir: E:\Desenvolvimento_Sistemas\Projetos_Java\Projeto Java_Angular\OS\.metadata\.plugins\org.eclipse.swt\EBWebView\Default
2026-09-06 00:05:58.567: [INFO] OnDoneLoading sync enabled: 0
2026-09-06 00:05:58.567: [INFO] BookmarkModelLoaded, ids_reassigned: 0
2026-09-06 00:05:58.567: [INFO] BookmarksLoadDropped droppedNodes=0
2026-09-06 00:05:58.567: [INFO] BookmarksSnapshot Startup total=0 bar=0 other=0 mobile=0 showBar=0 showBarNTP=1
2026-09-06 00:12:53.387: [INFO] BookmarksSnapshot Shutdown total=0 bar=0 other=0 mobile=0 showBar=0 showBarNTP=1
2026-09-06 00:13:53.577: [INFO] CurrentProfilePath: E:\Desenvolvimento_Sistemas\Projetos_Java\Projeto Java_Angular\OS\.metadata\.plugins\org.eclipse.swt\EBWebView\Default
2026-09-06 00:13:53.577: [INFO] Profiles total count: 1
2026-09-06 00:13:53.577: [INFO] Profile: name=Perfil 1 path=E:\Desenvolvimento_Sistemas\Projetos_Java\Projeto Java_Angular\OS\.metadata\.plugins\org.eclipse.swt\EBWebView\Default lastActive=null
2026-09-06 00:13:53.577: [INFO] LastUsedProfileDir: E:\Desenvolvimento_Sistemas\Projetos_Java\Projeto Java_Angular\OS\.metadata\.plugins\org.eclipse.swt\EBWebView\Default
2026-09-06 00:13:53.577: [INFO] OnDoneLoading sync enabled: 0
2026-09-06 00:13:53.577: [INFO] BookmarkModelLoaded, ids_reassigned: 0
2026-09-06 00:13:53.577: [INFO] BookmarksLoadDropped droppedNodes=0
2026-09-06 00:13:53.577: [INFO] BookmarksSnapshot Startup total=0 bar=0 other=0 mobile=0 showBar=0 showBarNTP=1
2026-09-06 00:14:01.274: [INFO] BookmarksSnapshot Shutdown total=0 bar=0 other=0 mobile=0 showBar=0 showBarNTP=1
2026-09-06 00:14:03.294: [INFO] CurrentProfilePath: E:\Desenvolvimento_Sistemas\Projetos_Java\Projeto Java_Angular\OS\.metadata\.plugins\org.eclipse.swt\EBWebView\Default
2026-09-06 00:14:03.294: [INFO] Profiles total count: 1
2026-09-06 00:14:03.294: [INFO] Profile: name=Perfil 1 path=E:\Desenvolvimento_Sistemas\Projetos_Java\Projeto Java_Angular\OS\.metadata\.plugins\org.eclipse.swt\EBWebView\Default lastActive=null
2026-09-06 00:14:03.294: [INFO] LastUsedProfileDir: E:\Desenvolvimento_Sistemas\Projetos_Java\Projeto Java_Angular\OS\.metadata\.plugins\org.eclipse.swt\EBWebView\Default
2026-09-06 00:14:03.294: [INFO] OnDoneLoading sync enabled: 0
2026-09-06 00:14:03.294: [INFO] BookmarkModelLoaded, ids_reassigned: 0
2026-09-06 00:14:03.294: [INFO] BookmarksLoadDropped droppedNodes=0
2026-09-06 00:14:03.294: [INFO] BookmarksSnapshot Startup total=0 bar=0 other=0 mobile=0 showBar=0 showBarNTP=1
2026-09-06 00:14:07.565: [INFO] BookmarksSnapshot Shutdown total=0 bar=0 other=0 mobile=0 showBar=0 showBarNTP=1
2026-09-06 00:14:08.386: [INFO] CurrentProfilePath: E:\Desenvolvimento_Sistemas\Projetos_Java\Projeto Java_Angular\OS\.metadata\.plugins\org.eclipse.swt\EBWebView\Default
2026-09-06 00:14:08.386: [INFO] Profiles total count: 1
2026-09-06 00:14:08.386: [INFO] Profile: name=Perfil 1 path=E:\Desenvolvimento_Sistemas\Projetos_Java\Projeto Java_Angular\OS\.metadata\.plugins\org.eclipse.swt\EBWebView\Default lastActive=null
2026-09-06 00:14:08.386: [INFO] LastUsedProfileDir: E:\Desenvolvimento_Sistemas\Projetos_Java\Projeto Java_Angular\OS\.metadata\.plugins\org.eclipse.swt\EBWebView\Default
2026-09-06 00:14:08.386: [INFO] OnDoneLoading sync enabled: 0
2026-09-06 00:14:08.386: [INFO] BookmarkModelLoaded, ids_reassigned: 0
2026-09-06 00:14:08.386: [INFO] BookmarksLoadDropped droppedNodes=0
2026-09-06 00:14:08.386: [INFO] BookmarksSnapshot Startup total=0 bar=0 other=0 mobile=0 showBar=0 showBarNTP=1
2026-09-06 00:14:08.470: [INFO] BookmarksSnapshot Shutdown total=0 bar=0 other=0 mobile=0 showBar=0 showBarNTP=1
2026-09-06 00:14:09.417: [INFO] CurrentProfilePath: E:\Desenvolvimento_Sistemas\Projetos_Java\Projeto Java_Angular\OS\.metadata\.plugins\org.eclipse.swt\EBWebView\Default
2026-09-06 00:14:09.417: [INFO] Profiles total count: 1
2026-09-06 00:14:09.417: [INFO] Profile: name=Perfil 1 path=E:\Desenvolvimento_Sistemas\Projetos_Java\Projeto Java_Angular\OS\.metadata\.plugins\org.eclipse.swt\EBWebView\Default lastActive=null
2026-09-06 00:14:09.417: [INFO] LastUsedProfileDir: E:\Desenvolvimento_Sistemas\Projetos_Java\Projeto Java_Angular\OS\.metadata\.plugins\org.eclipse.swt\EBWebView\Default
2026-09-06 00:14:09.417: [INFO] OnDoneLoading sync enabled: 0
2026-09-06 00:14:09.417: [INFO] BookmarkModelLoaded, ids_reassigned: 0
2026-09-06 00:14:09.417: [INFO] BookmarksLoadDropped droppedNodes=0
2026-09-06 00:14:09.417: [INFO] BookmarksSnapshot Startup total=0 bar=0 other=0 mobile=0 showBar=0 showBarNTP=1
2026-09-06 00:14:11.846: [INFO] BookmarksSnapshot Shutdown total=0 bar=0 other=0 mobile=0 showBar=0 showBarNTP=1
2026-09-06 00:14:42.867: [INFO] CurrentProfilePath: E:\Desenvolvimento_Sistemas\Projetos_Java\Projeto Java_Angular\OS\.metadata\.plugins\org.eclipse.swt\EBWebView\Default
2026-09-06 00:14:42.867: [INFO] Profiles total count: 1
2026-09-06 00:14:42.867: [INFO] Profile: name=Perfil 1 path=E:\Desenvolvimento_Sistemas\Projetos_Java\Projeto Java_Angular\OS\.metadata\.plugins\org.eclipse.swt\EBWebView\Default lastActive=null
2026-09-06 00:14:42.867: [INFO] LastUsedProfileDir: E:\Desenvolvimento_Sistemas\Projetos_Java\Projeto Java_Angular\OS\.metadata\.plugins\org.eclipse.swt\EBWebView\Default
2026-09-06 00:14:42.867: [INFO] OnDoneLoading sync enabled: 0
2026-09-06 00:14:42.867: [INFO] BookmarkModelLoaded, ids_reassigned: 0
2026-09-06 00:14:42.867: [INFO] BookmarksLoadDropped droppedNodes=0
2026-09-06 00:14:42.867: [INFO] BookmarksSnapshot Startup total=0 bar=0 other=0 mobile=0 showBar=0 showBarNTP=1
2026-09-06 00:14:57.390: [INFO] CurrentProfilePath: E:\Desenvolvimento_Sistemas\Projetos_Java\Projeto Java_Angular\OS\.metadata\.plugins\org.eclipse.swt\EBWebView\Default
2026-09-06 00:14:57.390: [INFO] Profiles total count: 1
2026-09-06 00:14:57.390: [INFO] Profile: name=Perfil 1 path=E:\Desenvolvimento_Sistemas\Projetos_Java\Projeto Java_Angular\OS\.metadata\.plugins\org.eclipse.swt\EBWebView\Default lastActive=null
2026-09-06 00:14:57.390: [INFO] LastUsedProfileDir: E:\Desenvolvimento_Sistemas\Projetos_Java\Projeto Java_Angular\OS\.metadata\.plugins\org.eclipse.swt\EBWebView\Default
2026-09-06 00:14:57.390: [INFO] OnDoneLoading sync enabled: 0
2026-09-06 00:14:57.390: [INFO] BookmarkModelLoaded, ids_reassigned: 0
2026-09-06 00:14:57.390: [INFO] BookmarksLoadDropped droppedNodes=0
2026-09-06 00:14:57.390: [INFO] BookmarksSnapshot Startup total=0 bar=0 other=0 mobile=0 showBar=0 showBarNTP=1
2026-09-06 00:14:57.461: [INFO] BookmarksSnapshot Shutdown total=0 bar=0 other=0 mobile=0 showBar=0 showBarNTP=1
2026-09-06 00:15:07.077: [INFO] CurrentProfilePath: E:\Desenvolvimento_Sistemas\Projetos_Java\Projeto Java_Angular\OS\.metadata\.plugins\org.eclipse.swt\EBWebView\Default
2026-09-06 00:15:07.077: [INFO] Profiles total count: 1
2026-09-06 00:15:07.077: [INFO] Profile: name=Perfil 1 path=E:\Desenvolvimento_Sistemas\Projetos_Java\Projeto Java_Angular\OS\.metadata\.plugins\org.eclipse.swt\EBWebView\Default lastActive=null
2026-09-06 00:15:07.077: [INFO] LastUsedProfileDir: E:\Desenvolvimento_Sistemas\Projetos_Java\Projeto Java_Angular\OS\.metadata\.plugins\org.eclipse.swt\EBWebView\Default
2026-09-06 00:15:07.077: [INFO] OnDoneLoading sync enabled: 0
2026-09-06 00:15:07.077: [INFO] BookmarkModelLoaded, ids_reassigned: 0
2026-09-06 00:15:07.077: [INFO] BookmarksLoadDropped droppedNodes=0
2026-09-06 00:15:07.077: [INFO] BookmarksSnapshot Startup total=0 bar=0 other=0 mobile=0 showBar=0 showBarNTP=1
2026-09-06 00:15:07.152: [INFO] BookmarksSnapshot Shutdown total=0 bar=0 other=0 mobile=0 showBar=0 showBarNTP=1
2026-09-06 00:15:15.386: [INFO] CurrentProfilePath: E:\Desenvolvimento_Sistemas\Projetos_Java\Projeto Java_Angular\OS\.metadata\.plugins\org.eclipse.swt\EBWebView\Default
2026-09-06 00:15:15.386: [INFO] Profiles total count: 1
2026-09-06 00:15:15.386: [INFO] Profile: name=Perfil 1 path=E:\Desenvolvimento_Sistemas\Projetos_Java\Projeto Java_Angular\OS\.metadata\.plugins\org.eclipse.swt\EBWebView\Default lastActive=null
2026-09-06 00:15:15.386: [INFO] LastUsedProfileDir: E:\Desenvolvimento_Sistemas\Projetos_Java\Projeto Java_Angular\OS\.metadata\.plugins\org.eclipse.swt\EBWebView\Default
2026-09-06 00:15:15.386: [INFO] OnDoneLoading sync enabled: 0
2026-09-06 00:15:15.386: [INFO] BookmarkModelLoaded, ids_reassigned: 0
2026-09-06 00:15:15.386: [INFO] BookmarksLoadDropped droppedNodes=0
2026-09-06 00:15:15.386: [INFO] BookmarksSnapshot Startup total=0 bar=0 other=0 mobile=0 showBar=0 showBarNTP=1
2026-09-06 00:15:17.983: [INFO] BookmarksSnapshot Shutdown total=0 bar=0 other=0 mobile=0 showBar=0 showBarNTP=1
2026-09-06 00:15:23.499: [INFO] CurrentProfilePath: E:\Desenvolvimento_Sistemas\Projetos_Java\Projeto Java_Angular\OS\.metadata\.plugins\org.eclipse.swt\EBWebView\Default
2026-09-06 00:15:23.499: [INFO] Profiles total count: 1
2026-09-06 00:15:23.499: [INFO] Profile: name=Perfil 1 path=E:\Desenvolvimento_Sistemas\Projetos_Java\Projeto Java_Angular\OS\.metadata\.plugins\org.eclipse.swt\EBWebView\Default lastActive=null
2026-09-06 00:15:23.499: [INFO] LastUsedProfileDir: E:\Desenvolvimento_Sistemas\Projetos_Java\Projeto Java_Angular\OS\.metadata\.plugins\org.eclipse.swt\EBWebView\Default
2026-09-06 00:15:23.499: [INFO] OnDoneLoading sync enabled: 0
2026-09-06 00:15:23.499: [INFO] BookmarkModelLoaded, ids_reassigned: 0
2026-09-06 00:15:23.499: [INFO] BookmarksLoadDropped droppedNodes=0
2026-09-06 00:15:23.499: [INFO] BookmarksSnapshot Startup total=0 bar=0 other=0 mobile=0 showBar=0 showBarNTP=1
2026-09-06 00:15:23.670: [INFO] BookmarksSnapshot Shutdown total=0 bar=0 other=0 mobile=0 showBar=0 showBarNTP=1
2026-09-06 00:15:25.204: [INFO] CurrentProfilePath: E:\Desenvolvimento_Sistemas\Projetos_Java\Projeto Java_Angular\OS\.metadata\.plugins\org.eclipse.swt\EBWebView\Default
2026-09-06 00:15:25.204: [INFO] Profiles total count: 1
2026-09-06 00:15:25.204: [INFO] Profile: name=Perfil 1 path=E:\Desenvolvimento_Sistemas\Projetos_Java\Projeto Java_Angular\OS\.metadata\.plugins\org.eclipse.swt\EBWebView\Default lastActive=null
2026-09-06 00:15:25.204: [INFO] LastUsedProfileDir: E:\Desenvolvimento_Sistemas\Projetos_Java\Projeto Java_Angular\OS\.metadata\.plugins\org.eclipse.swt\EBWebView\Default
2026-09-06 00:15:25.204: [INFO] OnDoneLoading sync enabled: 0
2026-09-06 00:15:25.204: [INFO] BookmarkModelLoaded, ids_reassigned: 0
2026-09-06 00:15:25.204: [INFO] BookmarksLoadDropped droppedNodes=0
2026-09-06 00:15:25.204: [INFO] BookmarksSnapshot Startup total=0 bar=0 other=0 mobile=0 showBar=0 showBarNTP=1
2026-09-06 00:15:30.081: [INFO] BookmarksSnapshot Shutdown total=0 bar=0 other=0 mobile=0 showBar=0 showBarNTP=1
2026-09-06 00:16:04.173: [INFO] CurrentProfilePath: E:\Desenvolvimento_Sistemas\Projetos_Java\Projeto Java_Angular\OS\.metadata\.plugins\org.eclipse.swt\EBWebView\Default
2026-09-06 00:16:04.173: [INFO] Profiles total count: 1
2026-09-06 00:16:04.173: [INFO] Profile: name=Perfil 1 path=E:\Desenvolvimento_Sistemas\Projetos_Java\Projeto Java_Angular\OS\.metadata\.plugins\org.eclipse.swt\EBWebView\Default lastActive=null
2026-09-06 00:16:04.173: [INFO] LastUsedProfileDir: E:\Desenvolvimento_Sistemas\Projetos_Java\Projeto Java_Angular\OS\.metadata\.plugins\org.eclipse.swt\EBWebView\Default
2026-09-06 00:16:04.173: [INFO] OnDoneLoading sync enabled: 0
2026-09-06 00:16:04.173: [INFO] BookmarkModelLoaded, ids_reassigned: 0
2026-09-06 00:16:04.173: [INFO] BookmarksLoadDropped droppedNodes=0
2026-09-06 00:16:04.173: [INFO] BookmarksSnapshot Startup total=0 bar=0 other=0 mobile=0 showBar=0 showBarNTP=1
2026-09-06 00:16:04.246: [INFO] BookmarksSnapshot Shutdown total=0 bar=0 other=0 mobile=0 showBar=0 showBarNTP=1
2026-09-06 00:16:09.881: [INFO] CurrentProfilePath: E:\Desenvolvimento_Sistemas\Projetos_Java\Projeto Java_Angular\OS\.metadata\.plugins\org.eclipse.swt\EBWebView\Default
2026-09-06 00:16:09.881: [INFO] Profiles total count: 1
2026-09-06 00:16:09.881: [INFO] Profile: name=Perfil 1 path=E:\Desenvolvimento_Sistemas\Projetos_Java\Projeto Java_Angular\OS\.metadata\.plugins\org.eclipse.swt\EBWebView\Default lastActive=null
2026-09-06 00:16:09.881: [INFO] LastUsedProfileDir: E:\Desenvolvimento_Sistemas\Projetos_Java\Projeto Java_Angular\OS\.metadata\.plugins\org.eclipse.swt\EBWebView\Default
2026-09-06 00:16:09.881: [INFO] OnDoneLoading sync enabled: 0
2026-09-06 00:16:09.881: [INFO] BookmarkModelLoaded, ids_reassigned: 0
2026-09-06 00:16:09.881: [INFO] BookmarksLoadDropped droppedNodes=0
2026-09-06 00:16:09.881: [INFO] BookmarksSnapshot Startup total=0 bar=0 other=0 mobile=0 showBar=0 showBarNTP=1
2026-09-06 00:16:12.765: [INFO] BookmarksSnapshot Shutdown total=0 bar=0 other=0 mobile=0 showBar=0 showBarNTP=1
2026-09-06 00:16:18.746: [INFO] CurrentProfilePath: E:\Desenvolvimento_Sistemas\Projetos_Java\Projeto Java_Angular\OS\.metadata\.plugins\org.eclipse.swt\EBWebView\Default
2026-09-06 00:16:18.746: [INFO] Profiles total count: 1
2026-09-06 00:16:18.746: [INFO] Profile: name=Perfil 1 path=E:\Desenvolvimento_Sistemas\Projetos_Java\Projeto Java_Angular\OS\.metadata\.plugins\org.eclipse.swt\EBWebView\Default lastActive=null
2026-09-06 00:16:18.746: [INFO] LastUsedProfileDir: E:\Desenvolvimento_Sistemas\Projetos_Java\Projeto Java_Angular\OS\.metadata\.plugins\org.eclipse.swt\EBWebView\Default
2026-09-06 00:16:18.746: [INFO] OnDoneLoading sync enabled: 0
2026-09-06 00:16:18.746: [INFO] BookmarkModelLoaded, ids_reassigned: 0
2026-09-06 00:16:18.746: [INFO] BookmarksLoadDropped droppedNodes=0
2026-09-06 00:16:18.746: [INFO] BookmarksSnapshot Startup total=0 bar=0 other=0 mobile=0 showBar=0 showBarNTP=1
2026-09-06 00:16:18.813: [INFO] BookmarksSnapshot Shutdown total=0 bar=0 other=0 mobile=0 showBar=0 showBarNTP=1
2026-09-06 00:16:29.003: [INFO] CurrentProfilePath: E:\Desenvolvimento_Sistemas\Projetos_Java\Projeto Java_Angular\OS\.metadata\.plugins\org.eclipse.swt\EBWebView\Default
2026-09-06 00:16:29.003: [INFO] Profiles total count: 1
2026-09-06 00:16:29.003: [INFO] Profile: name=Perfil 1 path=E:\Desenvolvimento_Sistemas\Projetos_Java\Projeto Java_Angular\OS\.metadata\.plugins\org.eclipse.swt\EBWebView\Default lastActive=null
2026-09-06 00:16:29.003: [INFO] LastUsedProfileDir: E:\Desenvolvimento_Sistemas\Projetos_Java\Projeto Java_Angular\OS\.metadata\.plugins\org.eclipse.swt\EBWebView\Default
2026-09-06 00:16:29.003: [INFO] OnDoneLoading sync enabled: 0
2026-09-06 00:16:29.003: [INFO] BookmarkModelLoaded, ids_reassigned: 0
2026-09-06 00:16:29.003: [INFO] BookmarksLoadDropped droppedNodes=0
2026-09-06 00:16:29.003: [INFO] BookmarksSnapshot Startup total=0 bar=0 other=0 mobile=0 showBar=0 showBarNTP=1
2026-09-06 00:16:38.752: [INFO] BookmarksSnapshot Shutdown total=0 bar=0 other=0 mobile=0 showBar=0 showBarNTP=1
2026-09-06 00:22:04.342: [INFO] CurrentProfilePath: E:\Desenvolvimento_Sistemas\Projetos_Java\Projeto Java_Angular\OS\.metadata\.plugins\org.eclipse.swt\EBWebView\Default
2026-09-06 00:22:04.342: [INFO] Profiles total count: 1
2026-09-06 00:22:04.342: [INFO] Profile: name=Perfil 1 path=E:\Desenvolvimento_Sistemas\Projetos_Java\Projeto Java_Angular\OS\.metadata\.plugins\org.eclipse.swt\EBWebView\Default lastActive=null
2026-09-06 00:22:04.342: [INFO] LastUsedProfileDir: E:\Desenvolvimento_Sistemas\Projetos_Java\Projeto Java_Angular\OS\.metadata\.plugins\org.eclipse.swt\EBWebView\Default
2026-09-06 00:22:04.342: [INFO] OnDoneLoading sync enabled: 0
2026-09-06 00:22:04.342: [INFO] BookmarkModelLoaded, ids_reassigned: 0
2026-09-06 00:22:04.342: [INFO] BookmarksLoadDropped droppedNodes=0
2026-09-06 00:22:04.342: [INFO] BookmarksSnapshot Startup total=0 bar=0 other=0 mobile=0 showBar=0 showBarNTP=1
2026-09-06 00:22:04.420: [INFO] BookmarksSnapshot Shutdown total=0 bar=0 other=0 mobile=0 showBar=0 showBarNTP=1
2026-09-06 01:02:40.815: [INFO] CurrentProfilePath: E:\Desenvolvimento_Sistemas\Projetos_Java\Projeto Java_Angular\OS\.metadata\.plugins\org.eclipse.swt\EBWebView\Default
2026-09-06 01:02:40.815: [INFO] Profiles total count: 1
2026-09-06 01:02:40.815: [INFO] Profile: name=Perfil 1 path=E:\Desenvolvimento_Sistemas\Projetos_Java\Projeto Java_Angular\OS\.metadata\.plugins\org.eclipse.swt\EBWebView\Default lastActive=null
2026-09-06 01:02:40.815: [INFO] LastUsedProfileDir: E:\Desenvolvimento_Sistemas\Projetos_Java\Projeto Java_Angular\OS\.metadata\.plugins\org.eclipse.swt\EBWebView\Default
2026-09-06 01:02:40.815: [INFO] OnDoneLoading sync enabled: 0
2026-09-06 01:02:40.815: [INFO] BookmarkModelLoaded, ids_reassigned: 0
2026-09-06 01:02:40.815: [INFO] BookmarksLoadDropped droppedNodes=0
2026-09-06 01:02:40.815: [INFO] BookmarksSnapshot Startup total=0 bar=0 other=0 mobile=0 showBar=0 showBarNTP=1
2026-09-06 01:06:31.716: [INFO] BookmarksSnapshot Shutdown total=0 bar=0 other=0 mobile=0 showBar=0 showBarNTP=1
2026-09-06 01:07:04.486: [INFO] CurrentProfilePath: E:\Desenvolvimento_Sistemas\Projetos_Java\Projeto Java_Angular\OS\.metadata\.plugins\org.eclipse.swt\EBWebView\Default
2026-09-06 01:07:04.486: [INFO] Profiles total count: 1
2026-09-06 01:07:04.486: [INFO] Profile: name=Perfil 1 path=E:\Desenvolvimento_Sistemas\Projetos_Java\Projeto Java_Angular\OS\.metadata\.plugins\org.eclipse.swt\EBWebView\Default lastActive=null
2026-09-06 01:07:04.486: [INFO] LastUsedProfileDir: E:\Desenvolvimento_Sistemas\Projetos_Java\Projeto Java_Angular\OS\.metadata\.plugins\org.eclipse.swt\EBWebView\Default
2026-09-06 01:07:04.486: [INFO] OnDoneLoading sync enabled: 0
2026-09-06 01:07:04.486: [INFO] BookmarkModelLoaded, ids_reassigned: 0
2026-09-06 01:07:04.486: [INFO] BookmarksLoadDropped droppedNodes=0
2026-09-06 01:07:04.486: [INFO] BookmarksSnapshot Startup total=0 bar=0 other=0 mobile=0 showBar=0 showBarNTP=1
2026-09-06 01:07:10.288: [INFO] BookmarksSnapshot Shutdown total=0 bar=0 other=0 mobile=0 showBar=0 showBarNTP=1
2026-09-06 01:08:23.311: [INFO] CurrentProfilePath: E:\Desenvolvimento_Sistemas\Projetos_Java\Projeto Java_Angular\OS\.metadata\.plugins\org.eclipse.swt\EBWebView\Default
2026-09-06 01:08:23.311: [INFO] Profiles total count: 1
2026-09-06 01:08:23.311: [INFO] Profile: name=Perfil 1 path=E:\Desenvolvimento_Sistemas\Projetos_Java\Projeto Java_Angular\OS\.metadata\.plugins\org.eclipse.swt\EBWebView\Default lastActive=null
2026-09-06 01:08:23.311: [INFO] LastUsedProfileDir: E:\Desenvolvimento_Sistemas\Projetos_Java\Projeto Java_Angular\OS\.metadata\.plugins\org.eclipse.swt\EBWebView\Default
2026-09-06 01:08:23.311: [INFO] OnDoneLoading sync enabled: 0
2026-09-06 01:08:23.311: [INFO] BookmarkModelLoaded, ids_reassigned: 0
2026-09-06 01:08:23.311: [INFO] BookmarksLoadDropped droppedNodes=0
2026-09-06 01:08:23.311: [INFO] BookmarksSnapshot Startup total=0 bar=0 other=0 mobile=0 showBar=0 showBarNTP=1
2026-09-06 03:20:15.332: [INFO] BookmarksSnapshot Shutdown total=0 bar=0 other=0 mobile=0 showBar=0 showBarNTP=1
